at_proc.c:122:9:match_ok	0	static
at_proc.c:368:5:AirKissConnect	16	static
at_proc.c:387:5:RecvDataPars	32	static
at_proc.c:17:6:Set_WIFI_DATA	16	static
at_proc.c:23:6:Get_WIFI_DATA	16	static
at_proc.c:29:6:init_U2_data	0	static
at_proc.c:33:6:input_U2_data	0	static
at_proc.c:59:6:Init_Queue	0	static
at_proc.c:63:9:Queue_Full	0	static
at_proc.c:77:10:Queue_Empty	0	static
at_proc.c:84:6:EnQueue	16	static
at_proc.c:94:9:DeQueue	8	static
at_proc.c:229:5:Recv_Proc.part.3	536	static
at_proc.c:106:9:delay_count	8	static
at_proc.c:174:5:AT_CMD_Proc.part.2	536	static
at_proc.c:134:5:AT_CMD_send	272	static
at_proc.c:174:5:AT_CMD_Proc	32	static
at_proc.c:229:5:Recv_Proc	8	static
at_proc.c:267:5:AT_Connect_Proc	24	static
at_proc.c:287:5:AT_AirKiss_Proc	32	static
at_proc.c:332:5:data_Proc	56	static
at_proc.c:39:9:U2_flag	16	static
